== validación sin ataque (promedio sobre semillas) ==
clave      grupo     w sketch    ea_medio    er_medio       sesgo
  dst       alta   256    CMS 7737.188095    3.220783 7737.188095
  dst       alta   256     CS 2021.910714    0.846254  351.958333
  dst       alta  1024    CMS 1543.352778    0.702457 1543.352778
  dst       alta  1024     CS  233.982937    0.061487   33.454365
  dst       alta  4096    CMS  351.741667    0.157110  351.741667
  dst       alta  4096     CS   60.140079    0.013397  -25.417063
  dst       alta 16384    CMS   78.688889    0.035097   78.688889
  dst       alta 16384     CS    7.380556    0.002819    0.548016
  dst      media   256    CMS 7734.616270  266.746177 7734.616270
  dst      media   256     CS  876.686508   17.293019  621.221429
  dst      media  1024    CMS 1593.842063   53.071797 1593.842063
  dst      media  1024     CS  299.120238    3.533757  233.272619
  dst      media  4096    CMS  353.686508   11.777069  353.686508
  dst      media  4096     CS   32.013492    0.839681   14.498413
  dst      media 16384    CMS   79.104762    2.593699   79.104762
  dst      media 16384     CS    7.125794    0.301569    2.098810
  dst media-baja   256    CMS 7731.993651  231.952347 7731.993651
  dst media-baja   256     CS  924.338889   35.170094  875.091270
  dst media-baja  1024    CMS 1615.083333   48.682168 1615.083333
  dst media-baja  1024     CS  143.342460    3.994774  101.570238
  dst media-baja  4096    CMS  352.711905   10.511736  352.711905
  dst media-baja  4096     CS   29.596825    0.674590   13.273016
  dst media-baja 16384    CMS   77.667857    2.334179   77.667857
  dst media-baja 16384     CS    7.151190    0.191784    2.841667
  dst       baja   256    CMS 7698.517460 1231.472089 7698.517460
  dst       baja   256     CS  759.345635   94.425462  748.805952
  dst       baja  1024    CMS 1562.391270  245.266649 1562.391270
  dst       baja  1024     CS   87.691270   15.590187   78.864286
  dst       baja  4096    CMS  349.410317   55.353163  349.410317
  dst       baja  4096     CS   27.117857    4.156571   20.544841
  dst       baja 16384    CMS   79.088095   12.447066   79.088095
  dst       baja 16384     CS    5.861508    0.772728    2.232143
  src       alta   256    CMS 5983.055556   36.932988 5983.055556
  src       alta   256     CS 3588.962302   11.517614 -474.661508
  src       alta  1024    CMS  765.293651    4.968340  765.293651
  src       alta  1024     CS  414.542857    0.480867   66.672222
  src       alta  4096    CMS  124.582143    0.808953  124.582143
  src       alta  4096     CS   50.497222    0.213566   -6.937698
  src       alta 16384    CMS   21.490873    0.163550   21.490873
  src       alta 16384     CS    5.400000    0.044708    0.964286
  src      media   256    CMS 6792.623413   74.673392 6792.623413
  src      media   256     CS 3452.175794   13.657413 3059.598016
  src      media  1024    CMS  745.208333    8.327555  745.208333
  src      media  1024     CS  440.451587    2.782272  279.543651
  src      media  4096    CMS  113.453968    1.320925  113.453968
  src      media  4096     CS   33.545238    0.163603   -5.194444
  src      media 16384    CMS   20.220635    0.238555   20.220635
  src      media 16384     CS    5.707540    0.067006    0.894841
  src media-baja   256    CMS 5443.043651  312.275837 5443.043651
  src media-baja   256     CS 1632.065476   66.209737 1556.636111
  src media-baja  1024    CMS  730.986111   46.164890  730.986111
  src media-baja  1024     CS  344.007540   17.158062  287.544841
  src media-baja  4096    CMS  117.149206    7.905853  117.149206
  src media-baja  4096     CS   25.989286    1.059745   -3.345635
  src media-baja 16384    CMS   20.063492    1.313143   20.063492
  src media-baja 16384     CS    5.507540    0.298073   -0.590079
  src       baja   256    CMS 6290.917460 1566.104940 6290.917460
  src       baja   256     CS 2226.705952  398.961485 2223.209127
  src       baja  1024    CMS  804.546032  219.952495  804.546032
  src       baja  1024     CS  248.768254   59.331913  245.496032
  src       baja  4096    CMS  117.553175   30.404896  117.553175
  src       baja  4096     CS   26.574603    8.024430   23.190476
  src       baja 16384    CMS   19.884921    4.945611   19.884921
  src       baja 16384     CS    3.356746    0.734716    0.999603

== resumen ==
   ataque sketch     w  J  MRE_s42  memoria_KB  latencia_s  latencia_exacta_s  FP    t_FP  FN  MRE_media  MRE_std  lat_min  lat_max  FP_total
     ddos    CMS   256  8 0.075630        35.0        10.0               10.0   0           0   0.052282 0.020282     10.0     10.0         0
     ddos     CS   256  8 0.038889        35.0        10.0               10.0   0           0   0.015483 0.020362     10.0     10.0         0
     ddos    CMS  1024  8 0.008625       140.0        10.0               10.0   0           0   0.008503 0.000333     10.0     10.0         0
     ddos     CS  1024  8 0.001871       140.0        10.0               10.0   0           0   0.001574 0.001135     10.0     10.0         0
     ddos    CMS  4096  8 0.002100       560.0        10.0               10.0   0           0   0.001980 0.000105     10.0     10.0         0
     ddos     CS  4096  8 0.000071       560.0        10.0               10.0   0           0   0.000132 0.000086     10.0     10.0         0
     ddos    CMS 16384  8 0.000439      2240.0        10.0               10.0   0           0   0.000438 0.000017     10.0     10.0         0
     ddos     CS 16384  8 0.000044      2240.0        10.0               10.0   0           0   0.000032 0.000010     10.0     10.0         0
     scan    CMS   256  8 0.051856        35.0        10.0               20.0   2 310 380   0   0.041663 0.010670     10.0     10.0         6
     scan     CS   256  8 0.021730        35.0        10.0               20.0   2 310 380   0   0.017510 0.003797     10.0     20.0         2
     scan    CMS  1024  8 0.005430       140.0        20.0               20.0   0           0   0.004430 0.001218     20.0     20.0         0
     scan     CS  1024  8 0.001269       140.0        20.0               20.0   0           0   0.000727 0.000615     20.0     20.0         0
     scan    CMS  4096  8 0.000878       560.0        20.0               20.0   0           0   0.000734 0.000137     20.0     20.0         0
     scan     CS  4096  8 0.000193       560.0        20.0               20.0   0           0   0.000188 0.000102     20.0     20.0         0
     scan    CMS 16384  8 0.000160      2240.0        20.0               20.0   0           0   0.000156 0.000004     20.0     20.0         0
     scan     CS 16384  8 0.000075      2240.0        20.0               20.0   0           0   0.000041 0.000030     20.0     20.0         0
ddos_bajo    CMS   256  8 0.251967        35.0        30.0               30.0   0           0   0.174189 0.067564     30.0     30.0         0
ddos_bajo     CS   256  8 0.129551        35.0        30.0               30.0   0           0   0.051583 0.067829     30.0     30.0         0
ddos_bajo    CMS  1024  8 0.028739       140.0        30.0               30.0   0           0   0.028329 0.001109     30.0     30.0         0
ddos_bajo     CS  1024  8 0.006235       140.0        30.0               30.0   0           0   0.005247 0.003781     30.0     30.0         0
ddos_bajo    CMS  4096  8 0.006997       560.0        30.0               30.0   0           0   0.006596 0.000350     30.0     30.0         0
ddos_bajo     CS  4096  8 0.000237       560.0        30.0               30.0   0           0   0.000440 0.000288     30.0     30.0         0
ddos_bajo    CMS 16384  8 0.001464      2240.0        30.0               30.0   0           0   0.001458 0.000056     30.0     30.0         0
ddos_bajo     CS 16384  8 0.000147      2240.0        30.0               30.0   0           0   0.000107 0.000035     30.0     30.0         0
scan_bajo    CMS   256  8 0.138283        35.0        30.0               30.0   0           0   0.111102 0.028452     30.0     30.0         0
scan_bajo     CS   256  8 0.057948        35.0        30.0               30.0   0           0   0.046694 0.010126     30.0     30.0         0
scan_bajo    CMS  1024  8 0.014481       140.0        30.0               30.0   0           0   0.011814 0.003249     30.0     30.0         0
scan_bajo     CS  1024  8 0.003385       140.0        30.0               30.0   0           0   0.001940 0.001640     30.0     30.0         0
scan_bajo    CMS  4096  8 0.002342       560.0        30.0               30.0   0           0   0.001957 0.000366     30.0     30.0         0
scan_bajo     CS  4096  8 0.000515       560.0        30.0               30.0   0           0   0.000502 0.000273     30.0     30.0         0
scan_bajo    CMS 16384  8 0.000428      2240.0        30.0               30.0   0           0   0.000416 0.000012     30.0     30.0         0
scan_bajo     CS 16384  8 0.000201      2240.0        30.0               30.0   0           0   0.000109 0.000080     30.0     30.0         0

== Delta f: extremos ==
   ataque     w              tipo  t_rel_s    exacto        CS   CMS_med       err_CS  err_CMS_med
     ddos   256  mayor incremento    310.0  100008.0  105004.0  105198.0  4996.000000  5190.000000
     ddos   256  mayor decremento    370.0 -100007.0 -104583.0 -104651.0 -4576.000000 -4644.000000
     ddos   256 MAE toda la traza      NaN       NaN       NaN       NaN   345.891566   379.506024
     ddos  1024  mayor incremento    310.0  100008.0   99988.0  100056.0   -20.000000    48.000000
     ddos  1024  mayor decremento    370.0 -100007.0  -99947.0  -99971.0    60.000000    36.000000
     ddos  1024 MAE toda la traza      NaN       NaN       NaN       NaN    64.722892    70.072289
     ddos  4096  mayor incremento    310.0  100008.0  100000.0  100043.0    -8.000000    35.000000
     ddos  4096  mayor decremento    370.0 -100007.0  -99990.0 -100044.0    17.000000   -37.000000
     ddos  4096 MAE toda la traza      NaN       NaN       NaN       NaN    11.759036    13.457831
     ddos 16384  mayor incremento    310.0  100008.0  100009.0  100009.0     1.000000     1.000000
     ddos 16384  mayor decremento    370.0 -100007.0 -100009.0 -100007.0    -2.000000     0.000000
     ddos 16384 MAE toda la traza      NaN       NaN       NaN       NaN     2.349398     2.638554
     scan   256  mayor incremento    310.0   80000.0   79867.0   80078.0  -133.000000    78.000000
     scan   256  mayor decremento    370.0  -80000.0  -79845.0  -79583.0   155.000000   417.000000
     scan   256 MAE toda la traza      NaN       NaN       NaN       NaN   447.771084   365.867470
     scan  1024  mayor incremento    310.0   80000.0   79960.0   80025.0   -40.000000    25.000000
     scan  1024  mayor decremento    370.0  -80000.0  -80055.0  -79948.0   -55.000000    52.000000
     scan  1024 MAE toda la traza      NaN       NaN       NaN       NaN    58.012048    52.036145
     scan  4096  mayor incremento    310.0   80000.0   79997.0   80001.0    -3.000000     1.000000
     scan  4096  mayor decremento    370.0  -80000.0  -80001.0  -79991.0    -1.000000     9.000000
     scan  4096 MAE toda la traza      NaN       NaN       NaN       NaN     5.963855     6.927711
     scan 16384  mayor incremento    310.0   80000.0   79997.0   80000.0    -3.000000     0.000000
     scan 16384  mayor decremento    370.0  -80000.0  -80001.0  -80001.0    -1.000000    -1.000000
     scan 16384 MAE toda la traza      NaN       NaN       NaN       NaN     1.915663     2.578313
ddos_bajo   256  mayor incremento    310.0   30008.0   35004.0   35198.0  4996.000000  5190.000000
ddos_bajo   256  mayor decremento    370.0  -30007.0  -34583.0  -34651.0 -4576.000000 -4644.000000
ddos_bajo   256 MAE toda la traza      NaN       NaN       NaN       NaN   345.891566   379.506024
ddos_bajo  1024  mayor incremento    310.0   30008.0   29988.0   30056.0   -20.000000    48.000000
ddos_bajo  1024  mayor decremento    370.0  -30007.0  -29947.0  -29971.0    60.000000    36.000000
ddos_bajo  1024 MAE toda la traza      NaN       NaN       NaN       NaN    64.722892    70.072289
ddos_bajo  4096  mayor incremento    310.0   30008.0   30000.0   30043.0    -8.000000    35.000000
ddos_bajo  4096  mayor decremento    370.0  -30007.0  -29990.0  -30044.0    17.000000   -37.000000
ddos_bajo  4096 MAE toda la traza      NaN       NaN       NaN       NaN    11.759036    13.457831
ddos_bajo 16384  mayor incremento    310.0   30008.0   30009.0   30009.0     1.000000     1.000000
ddos_bajo 16384  mayor decremento    370.0  -30007.0  -30009.0  -30007.0    -2.000000     0.000000
ddos_bajo 16384 MAE toda la traza      NaN       NaN       NaN       NaN     2.349398     2.638554
scan_bajo   256  mayor incremento    310.0   30000.0   29867.0   30078.0  -133.000000    78.000000
scan_bajo   256  mayor decremento    370.0  -30000.0  -29845.0  -29583.0   155.000000   417.000000
scan_bajo   256 MAE toda la traza      NaN       NaN       NaN       NaN   447.771084   365.867470
scan_bajo  1024  mayor incremento    310.0   30000.0   29960.0   30025.0   -40.000000    25.000000
scan_bajo  1024  mayor decremento    370.0  -30000.0  -30055.0  -29948.0   -55.000000    52.000000
scan_bajo  1024 MAE toda la traza      NaN       NaN       NaN       NaN    58.012048    52.036145
scan_bajo  4096  mayor incremento    310.0   30000.0   29997.0   30001.0    -3.000000     1.000000
scan_bajo  4096  mayor decremento    370.0  -30000.0  -30001.0  -29991.0    -1.000000     9.000000
scan_bajo  4096 MAE toda la traza      NaN       NaN       NaN       NaN     5.963855     6.927711
scan_bajo 16384  mayor incremento    310.0   30000.0   29997.0   30000.0    -3.000000     0.000000
scan_bajo 16384  mayor decremento    370.0  -30000.0  -30001.0  -30001.0    -1.000000    -1.000000
scan_bajo 16384 MAE toda la traza      NaN       NaN       NaN       NaN     1.915663     2.578313
